2026-01-01 00:28:37,314 - VelocityNexus - INFO - ==================================================
2026-01-01 00:28:37,314 - VelocityNexus - INFO - 🚀 Starting Velocity Nexus Prime
2026-01-01 00:28:37,314 - VelocityNexus - INFO - ==================================================
2026-01-01 00:28:37,371 - VelocityNexus - WARNING - ❌ python-dotenv is not installed
2026-01-01 00:28:37,372 - VelocityNexus - WARNING - ❌ pillow is not installed
2026-01-01 00:28:37,819 - VelocityNexus - WARNING - ❌ matplotlib is not installed
2026-01-01 00:30:08,335 - VelocityNexus - INFO - ==================================================
2026-01-01 00:30:08,335 - VelocityNexus - INFO - 🚀 Starting Velocity Nexus Prime
2026-01-01 00:30:08,335 - VelocityNexus - INFO - ==================================================
2026-01-01 00:30:08,351 - VelocityNexus - WARNING - ❌ python-dotenv is not installed
2026-01-01 00:30:08,353 - VelocityNexus - WARNING - ❌ pillow is not installed
2026-01-01 00:30:08,497 - VelocityNexus - WARNING - ❌ matplotlib is not installed
2026-01-01 00:39:26,325 - VelocityNexus - INFO - ==================================================
2026-01-01 00:39:26,325 - VelocityNexus - INFO - 🚀 Starting Velocity Nexus Prime
2026-01-01 00:39:26,325 - VelocityNexus - INFO - ==================================================
2026-01-01 00:39:26,338 - VelocityNexus - WARNING - ❌ python-dotenv is not installed
2026-01-01 00:39:26,338 - VelocityNexus - WARNING - ❌ pillow is not installed
2026-01-01 00:39:26,484 - VelocityNexus - WARNING - ❌ matplotlib is not installed
2026-01-01 01:09:50,361 - VelocityNexus - INFO - ==================================================
2026-01-01 01:09:50,361 - VelocityNexus - INFO - 🚀 Starting Velocity Nexus Prime
2026-01-01 01:09:50,361 - VelocityNexus - INFO - ==================================================
2026-01-01 01:09:50,437 - VelocityNexus - INFO - ✅ pyodbc is available
2026-01-01 01:09:50,437 - VelocityNexus - INFO - ✅ dotenv is available
2026-01-01 01:09:50,439 - VelocityNexus - INFO - ✅ PIL is available
2026-01-01 01:09:51,414 - VelocityNexus - ERROR - ❌ matplotlib is not installed: numpy.core.multiarray failed to import
2026-01-01 01:12:17,459 - VelocityNexus - INFO - ==================================================
2026-01-01 01:12:17,459 - VelocityNexus - INFO - 🚀 Starting Velocity Nexus Prime
2026-01-01 01:12:17,459 - VelocityNexus - INFO - ==================================================
2026-01-01 01:12:17,524 - VelocityNexus - INFO - ✅ pyodbc is available
2026-01-01 01:12:17,524 - VelocityNexus - INFO - ✅ dotenv is available
2026-01-01 01:12:17,530 - VelocityNexus - INFO - ✅ PIL is available
2026-01-01 01:12:19,432 - VelocityNexus - ERROR - ❌ matplotlib is not installed: numpy.core.multiarray failed to import
